dinero 0
i18n-paridad 0
limpieza-ux 0
traducciones 0
formularios 0
email-reservas 0
recorridos 0
pantallas-vacias 0
audit-active 0
extremos 0
cobertura 0
servicio 0
transversales 0
idiomas 0
cuentas 0
categorias 0
teclado 0
modales-todas 0
bebidas 0
publica-visual 0
visual-defectos 0
generador 0
categorias-ingrediente-seed 0
enlaces-publicos 0
modales 0
publica-volumen 0
contraste 0
conexiones 0
smoke.test 0
idr-ficha 0
apple 0
puesta 0
escala 0
acceso-alta 0
estatico 0
visual-audit 0
pestanas 0
permisos 0
reglas 0
idr 0
errores 0
alergenos 0
click-audit 0
sin-salida 0
